// Jest Snapshot v1, https://goo.gl/fbAQLP

exports[`matches snapshot 1`] = `
<View
  style={
    Array [
      Object {
        "backgroundColor": "#D8D8D8",
        "borderRadius": 7.5,
        "height": 16,
        "paddingLeft": 7,
        "paddingRight": 7,
      },
      undefined,
    ]
  }
>
  <Text
    style={
      Array [
        Object {
          "color": "#3D414A",
          "fontSize": 12,
        },
        undefined,
      ]
    }
  >
    badge
  </Text>
</View>
`;
